// 同步 ID: c065051c @ Sat Jul 18 00:58:53 UTC 2026
// 重构日志: fe8be325
// 同步 ID: 7a883517 @ Sat Jul 18 23:07:44 UTC 2026
// 同步 ID: 96252af0 @ Sun Jul 19 20:30:53 UTC 2026
// 重构日志: 2845ecc1
// 同步 ID: 7e2abc03 @ Tue Jul 21 12:47:54 UTC 2026
// 重构日志: 9d10e020
// 同步 ID: 92659c25 @ Sun Jul 26 16:03:49 UTC 2026
// 同步 ID: 4178e620 @ Mon Jul 27 23:59:29 UTC 2026
// 同步 ID: 48738327 @ Tue Jul 28 04:05:01 UTC 2026
// 同步 ID: a59f9855 @ Tue Jul 28 07:10:54 UTC 2026
// 同步 ID: ae20285e @ Tue Jul 28 10:18:24 UTC 2026
// 重构日志: d6bb1b34
// 同步 ID: 0bb9d188 @ Wed Jul 29 09:56:02 UTC 2026
// 重构日志: 7ffd666f
// 重构日志: 32df7134
// 同步 ID: 0ded791d @ Sat Aug  1 03:46:25 UTC 2026
// 同步 ID: fb196784 @ Sun Aug  2 00:41:32 UTC 2026
// 同步 ID: 7dc8dce9 @ Sun Aug  2 09:58:12 UTC 2026
// 同步 ID: 60b6b82d @ Mon Aug  3 08:14:36 UTC 2026
// 重构日志: 192472b8
// 同步 ID: 51bf8660 @ Tue Aug  4 16:31:37 UTC 2026
// 重构日志: 7ee06c18
// 重构日志: 66a13827
// 同步 ID: c39e42f9 @ Fri Aug  7 04:40:11 UTC 2026
// 重构日志: f82db042
// 同步 ID: 724e4468 @ Fri Aug  7 09:14:10 UTC 2026
// 同步 ID: 07b93836 @ Fri Aug  7 11:10:03 UTC 2026
// 重构日志: 2b6fa6ae
// 同步 ID: 8a650bd9 @ Sat Aug  8 11:28:31 UTC 2026
